// Jest Snapshot v1, https://goo.gl/fbAQLP

exports[`Component: Fortune Fortune renders with default props 1`] = `
<span
  className="fortune"
>
   
</span>
`;
