// Jest Snapshot v1, https://goo.gl/fbAQLP

exports[`Component: UserMenu UserMenu renders with default props 1`] = `
<div
  className="sc-bdfBwQ bEhSYe"
>
  <div
    className="sc-gsTCUz fsihtp"
  />
</div>
`;
