// Jest Snapshot v1, https://goo.gl/fbAQLP

exports[`Component: VideoItem VideoItem renders with default props 1`] = `
<div
  className="sc-bdfBwQ ivAyjI"
>
  <img
    className="sc-dlfnbm kGZZzt"
    src="https://i.ytimg.com/vi/nmXMgqjQzls/hqdefault.jpg"
  />
  <p
    className="sc-gsTCUz kwCLfT"
  >
    Video Tour | Welcome to Wizeline Guadalajara
  </p>
</div>
`;
